edher@edher-K56CB:~$ sudo -i
[sudo] password for edher: 
root@edher-K56CB:~# mkir IS_2016-1
No se ha encontrado la orden «mkir», quizás quiso decir:
 La orden «mkid» del paquete «id-utils» (universe)
 La orden «mdir» del paquete «mtools» (main)
 La orden «mkdir» del paquete «coreutils» (main)
mkir: no se encontró la orden
root@edher-K56CB:~# exit
logout
edher@edher-K56CB:~$ mkir IS_2016-1
No se ha encontrado la orden «mkir», quizás quiso decir:
 La orden «mkid» del paquete «id-utils» (universe)
 La orden «mdir» del paquete «mtools» (main)
 La orden «mkdir» del paquete «coreutils» (main)
mkir: no se encontró la orden
edher@edher-K56CB:~$ mkdir IS_2016-1
edher@edher-K56CB:~$ cd IS_2016-1/
edher@edher-K56CB:~/IS_2016-1$ notepad README.md
El programa «notepad» no está instalado. Puede instalarlo escribiendo:
sudo apt-get install wine1.6
edher@edher-K56CB:~/IS_2016-1$ sudo get-install notepad
sudo: get-install: orden no encontrada
edher@edher-K56CB:~/IS_2016-1$ sudo get install notepad
sudo: get: orden no encontrada
edher@edher-K56CB:~/IS_2016-1$ sudo apt-get install notepad
Leyendo lista de paquetes... Hecho
Creando árbol de dependencias       
Leyendo la información de estado... Hecho
E: No se ha podido localizar el paquete notepad
edher@edher-K56CB:~/IS_2016-1$ sudo gedit conf

(gedit:2081): Gtk-WARNING **: Calling Inhibit failed: GDBus.Error:org.freedesktop.DBus.Error.ServiceUnknown: The name org.gnome.SessionManager was not provided by any .service files
edher@edher-K56CB:~/IS_2016-1$ git remote add origin https://github.com/EdherCerdan/IS_2016-1.git
fatal: Not a git repository (or any of the parent directories): .git
edher@edher-K56CB:~/IS_2016-1$ sudo apt-get install git
Leyendo lista de paquetes... Hecho
Creando árbol de dependencias       
Leyendo la información de estado... Hecho
git ya está en su versión más reciente.
0 actualizados, 0 nuevos se instalarán, 0 para eliminar y 252 no actualizados.
edher@edher-K56CB:~/IS_2016-1$ git remote add origin https://github.com/EdherCerdan/IS_2016-1.git
fatal: Not a git repository (or any of the parent directories): .git
edher@edher-K56CB:~/IS_2016-1$ git remote add origin https://github.com/EdherCerdan/IS_2016-1.git
fatal: Not a git repository (or any of the parent directories): .git
edher@edher-K56CB:~/IS_2016-1$ git init
Initialized empty Git repository in /home/edher/IS_2016-1/.git/
edher@edher-K56CB:~/IS_2016-1$ git remote add origin https://github.com/EdherCerdan/IS_2016-1.git
edher@edher-K56CB:~/IS_2016-1$ git status
En la rama master

Commit inicial

Archivos sin seguimiento:
  (use «git add <archivo>...» para incluir en lo que se ha de confirmar)

	conf

no se ha agregado nada al commit pero existen archivos sin seguimiento (use «git add» para darle seguimiento)
edher@edher-K56CB:~/IS_2016-1$ get edit
No se ha encontrado la orden «get» pero hay 18 similares
get: no se encontró la orden
edher@edher-K56CB:~/IS_2016-1$ sudo gedit conf
edher@edher-K56CB:~/IS_2016-1$ git add conf
edher@edher-K56CB:~/IS_2016-1$ git status
En la rama master

Commit inicial

Cambios para hacer commit:
  (use «git rm --cached <archivo>...» para sacar del stage)

	nuevo archivo: conf

edher@edher-K56CB:~/IS_2016-1$ git commit -m "Primer commit"
[master (root-commit) 9cfec50] Primer commit
 1 file changed, 1 insertion(+)
 create mode 100644 conf
edher@edher-K56CB:~/IS_2016-1$ git config --edit
edher@edher-K56CB:~/IS_2016-1$ git config --global
uso: git config [<options>]

Config file location
    --global              use global config file
    --system              use system config file
    --local               use repository config file
    -f, --file <archivo>  use given config file
    --blob <blob-id>      read config from given blob object

Action
    --get                 get value: name [value-regex]
    --get-all             get all values: key [value-regex]
    --get-regexp          get values for regexp: name-regex [value-regex]
    --get-urlmatch        get value specific for the URL: section[.var] URL
    --replace-all         replace all matching variables: name value [value_regex]
    --add                 add a new variable: name value
    --unset               remove a variable: name [value-regex]
    --unset-all           remove all matches: name [value-regex]
    --rename-section      rename section: old-name new-name
    --remove-section      remove a section: name
    -l, --list            list all
    -e, --edit            open an editor
    --get-color           find the color configured: slot [default]
    --get-colorbool       find the color setting: slot [stdout-is-tty]

Type
    --bool                value is "true" or "false"
    --int                 value is decimal number
    --bool-or-int         value is --bool or --int
    --path                value is a path (file or directory name)

Other
    -z, --null            terminate values with NUL byte
    --includes            respect include directives on lookup

edher@edher-K56CB:~/IS_2016-1$ git config --edit
edher@edher-K56CB:~/IS_2016-1$ git config --edit
edher@edher-K56CB:~/IS_2016-1$ git config user.name "EdherCerdan"
edher@edher-K56CB:~/IS_2016-1$ git config user.email "josimar_93_12@hotmail.com" 
edher@edher-K56CB:~/IS_2016-1$ git commit -m "Primer Commit"
En la rama master
nothing to commit, working directory clean
edher@edher-K56CB:~/IS_2016-1$ git status
En la rama master
nothing to commit, working directory clean
edher@edher-K56CB:~/IS_2016-1$ git push -u origin master 
Username for 'https://github.com': EdherCerdan
Password for 'https://EdherCerdan@github.com': 
Counting objects: 3, done.
Writing objects: 100% (3/3), 218 bytes | 0 bytes/s, done.
Total 3 (delta 0), reused 0 (delta 0)
To https://github.com/EdherCerdan/IS_2016-1.git
 * [new branch]      master -> master
Branch master set up to track remote branch master from origin.
edher@edher-K56CB:~/IS_2016-1$ sudo getdit prueba
sudo: getdit: orden no encontrada
edher@edher-K56CB:~/IS_2016-1$ vis hello.c
No se ha encontrado la orden «vis» pero hay 25 similares
vis: no se encontró la orden
edher@edher-K56CB:~/IS_2016-1$ gedit prueba

(gedit:2265): Gtk-WARNING **: Attempting to read the recently used resources file at `/home/edher/.local/share/recently-used.xbel', but the parser failed: Falló al abrir el archivo «/home/edher/.local/share/recently-used.xbel»: Permiso denegado.
edher@edher-K56CB:~/IS_2016-1$ gedit prueba.c
edher@edher-K56CB:~/IS_2016-1$ git status
En la rama master
Su rama está actualizada con «origin/master».
Archivos sin seguimiento:
  (use «git add <archivo>...» para incluir en lo que se ha de confirmar)

	prueba.c

no se ha agregado nada al commit pero existen archivos sin seguimiento (use «git add» para darle seguimiento)
edher@edher-K56CB:~/IS_2016-1$ gedit prueba.c
edher@edher-K56CB:~/IS_2016-1$ git status
En la rama master
Su rama está actualizada con «origin/master».
Archivos sin seguimiento:
  (use «git add <archivo>...» para incluir en lo que se ha de confirmar)

	prueba.c
	prueba.c~

no se ha agregado nada al commit pero existen archivos sin seguimiento (use «git add» para darle seguimiento)
edher@edher-K56CB:~/IS_2016-1$ git add prueba.c
edher@edher-K56CB:~/IS_2016-1$ git status
En la rama master
Su rama está actualizada con «origin/master».
Cambios para hacer commit:
  (use «git reset HEAD <archivo>...» para sacar del stage)

	nuevo archivo: prueba.c

Archivos sin seguimiento:
  (use «git add <archivo>...» para incluir en lo que se ha de confirmar)

	prueba.c~

edher@edher-K56CB:~/IS_2016-1$ git diff
edher@edher-K56CB:~/IS_2016-1$ git diff --cached
diff --git a/prueba.c b/prueba.c
new file mode 100644
index 0000000..cdf300f
--- /dev/null
+++ b/prueba.c
@@ -0,0 +1,8 @@
+int main ()
+{
+
+cout<< "hello world"<<endl;
+cout<<"segunda prueba"<<endl;
+
+return 0;
+}
edher@edher-K56CB:~/IS_2016-1$ git commit -m "prueba.c"
[master 6f4f2cb] prueba.c
 1 file changed, 8 insertions(+)
 create mode 100644 prueba.c
edher@edher-K56CB:~/IS_2016-1$ git push 
warning: push.default is unset; its implicit value has changed in
Git 2.0 from 'matching' to 'simple'. To squelch this message
and maintain the traditional behavior, use:

  git config --global push.default matching

To squelch this message and adopt the new behavior now, use:

  git config --global push.default simple

When push.default is set to 'matching', git will push local branches
to the remote branches that already exist with the same name.

Since Git 2.0, Git defaults to the more conservative 'simple'
behavior, which only pushes the current branch to the corresponding
remote branch that 'git pull' uses to update the current branch.

See 'git help config' and search for 'push.default' for further information.
(the 'simple' mode was introduced in Git 1.7.11. Use the similar mode
'current' instead of 'simple' if you sometimes use older versions of Git)

Username for 'https://github.com': EdherCerdan
Password for 'https://EdherCerdan@github.com': 
Counting objects: 3, done.
Delta compression using up to 4 threads.
Compressing objects: 100% (3/3), done.
Writing objects: 100% (3/3), 347 bytes | 0 bytes/s, done.
Total 3 (delta 0), reused 0 (delta 0)
To https://github.com/EdherCerdan/IS_2016-1.git
   9cfec50..6f4f2cb  master -> master
edher@edher-K56CB:~/IS_2016-1$ git status
En la rama master
Su rama está actualizada con «origin/master».
Archivos sin seguimiento:
  (use «git add <archivo>...» para incluir en lo que se ha de confirmar)

	prueba.c~

no se ha agregado nada al commit pero existen archivos sin seguimiento (use «git add» para darle seguimiento)
edher@edher-K56CB:~/IS_2016-1$ 

